main.c:79:5:main	224	static
main.c:177:6:SystemClock_Config	88	static
main.c:231:13:MX_ADC1_Init	24	static
main.c:313:13:MX_USART2_UART_Init	8	static
main.c:348:13:MX_USART3_UART_Init	8	static
main.c:383:13:MX_USART6_UART_Init	8	static
main.c:416:13:MX_DMA_Init	16	static
main.c:434:13:MX_GPIO_Init	56	static
main.c:465:6:HAL_UART_TxCpltCallback	24	static
main.c:482:6:HAL_UART_TxHalfCpltCallback	24	static
main.c:496:6:HAL_UART_RxCpltCallback	16	static
main.c:515:6:HAL_UART_RxHalfCpltCallback	16	static
main.c:526:6:Error_Handler	4	static,ignoring_inline_asm
